// Vitest Snapshot v1

exports[`App integration > Takes app snapshot 1`] = `
{
  "asFragment": [Function],
  "baseElement": <body>
    <div>
      <div
        class="navHeader"
      >
        <header>
          <div
            class="storeName"
          >
            ANOTHER
          </div>
          <div
            class="subName"
          >
            fake store
          </div>
        </header>
        <nav>
          <a
            href="/"
          >
            Home
          </a>
          <a
            href="/products"
            title="Go to our products page"
          >
            Products
          </a>
        </nav>
        <div
          class="cart"
          title="Shopping cart"
        >
          <img
            alt="Shopping-Cart"
            class="cartIcon"
            src="./assets/shopping-cart.png"
          />
        </div>
      </div>
      <main
        class="home"
      >
        <h1>
          This is 
          <span>
            ANOTHER
          </span>
           fake store!
          <p>
            Actually this is just so the developer could practice his
             
            <span>
              REACT
            </span>
             skills. Read the footer dudes!
          </p>
        </h1>
        <div
          class="clipPath"
        />
        <h2>
          Here, we 
          <span>
            PRETEND
          </span>
           to sell fake stuff.
          <p
            class="checkItems"
          >
            <a
              href="/products"
              title="Go to our products page"
            >
              Check our items!
            </a>
          </p>
        </h2>
      </main>
      <footer>
        Created by 
        <a
          href="https://github.com/Goik28"
        >
          Goik28
        </a>
         for the Shopping Cart project on The Odin Project course
      </footer>
    </div>
  </body>,
  "container": <div>
    <div
      class="navHeader"
    >
      <header>
        <div
          class="storeName"
        >
          ANOTHER
        </div>
        <div
          class="subName"
        >
          fake store
        </div>
      </header>
      <nav>
        <a
          href="/"
        >
          Home
        </a>
        <a
          href="/products"
          title="Go to our products page"
        >
          Products
        </a>
      </nav>
      <div
        class="cart"
        title="Shopping cart"
      >
        <img
          alt="Shopping-Cart"
          class="cartIcon"
          src="./assets/shopping-cart.png"
        />
      </div>
    </div>
    <main
      class="home"
    >
      <h1>
        This is 
        <span>
          ANOTHER
        </span>
         fake store!
        <p>
          Actually this is just so the developer could practice his
           
          <span>
            REACT
          </span>
           skills. Read the footer dudes!
        </p>
      </h1>
      <div
        class="clipPath"
      />
      <h2>
        Here, we 
        <span>
          PRETEND
        </span>
         to sell fake stuff.
        <p
          class="checkItems"
        >
          <a
            href="/products"
            title="Go to our products page"
          >
            Check our items!
          </a>
        </p>
      </h2>
    </main>
    <footer>
      Created by 
      <a
        href="https://github.com/Goik28"
      >
        Goik28
      </a>
       for the Shopping Cart project on The Odin Project course
    </footer>
  </div>,
  "debug": [Function],
  "findAllByAltText": [Function],
  "findAllByDisplayValue": [Function],
  "findAllByLabelText": [Function],
  "findAllByPlaceholderText": [Function],
  "findAllByRole": [Function],
  "findAllByTestId": [Function],
  "findAllByText": [Function],
  "findAllByTitle": [Function],
  "findByAltText": [Function],
  "findByDisplayValue": [Function],
  "findByLabelText": [Function],
  "findByPlaceholderText": [Function],
  "findByRole": [Function],
  "findByTestId": [Function],
  "findByText": [Function],
  "findByTitle": [Function],
  "getAllByAltText": [Function],
  "getAllByDisplayValue": [Function],
  "getAllByLabelText": [Function],
  "getAllByPlaceholderText": [Function],
  "getAllByRole": [Function],
  "getAllByTestId": [Function],
  "getAllByText": [Function],
  "getAllByTitle": [Function],
  "getByAltText": [Function],
  "getByDisplayValue": [Function],
  "getByLabelText": [Function],
  "getByPlaceholderText": [Function],
  "getByRole": [Function],
  "getByTestId": [Function],
  "getByText": [Function],
  "getByTitle": [Function],
  "queryAllByAltText": [Function],
  "queryAllByDisplayValue": [Function],
  "queryAllByLabelText": [Function],
  "queryAllByPlaceholderText": [Function],
  "queryAllByRole": [Function],
  "queryAllByTestId": [Function],
  "queryAllByText": [Function],
  "queryAllByTitle": [Function],
  "queryByAltText": [Function],
  "queryByDisplayValue": [Function],
  "queryByLabelText": [Function],
  "queryByPlaceholderText": [Function],
  "queryByRole": [Function],
  "queryByTestId": [Function],
  "queryByText": [Function],
  "queryByTitle": [Function],
  "rerender": [Function],
  "unmount": [Function],
}
`;
